MySQL Shell 8.0.12

Copyright (c) 2016, 2018, Oracle and/or its affiliates. All rights reserved.

Oracle is a registered trademark of Oracle Corporation and/or its
affiliates. Other names may be trademarks of their respective
owners.

Type '\help' or '\?' for help; '\quit' to exit.


 MySQL  JS > \version()
SyntaxError: Unexpected token ILLEGAL

 MySQL  JS > version();
ReferenceError: version is not defined

 MySQL  JS > \sql
Switching to SQL mode... Commands end with ;

 MySQL  SQL > version();
ERROR: Not connected.

 MySQL  SQL > connect --mysql root@localhost
ERROR: Not connected.

          ... ;
ERROR: Not connected.

 MySQL  SQL > connect -c root@localhost
ERROR: Not connected.

          ... ;
ERROR: Not connected.

 MySQL  SQL > \connect --mysql root@localhost
Creating a Classic session to 'root@localhost'
Please provide the password for 'root@localhost': ****
Save password for 'root@localhost:3306'? [Y]es/[N]o/Ne[v]er (default No): n
Fetching schema names for autocompletion... Press ^C to stop.
Your MySQL connection id is 4
Server version: 5.5.61 MySQL Community Server (GPL)
No default schema selected; type \use <schema> to set one.

 MySQL  localhost:3306  SQL > select user from mysql.user;
+------+
| user |
+------+
| root |
+------+
1 row in set (0.0004 sec)

 MySQL  localhost:3306  SQL > create user 'sergio'@'localhost' identified by jeronimosucotach
                          ... ;
ERROR: 1064 (42000): You have an error in your SQL syntax; check the manual that corresponds to your MySQL server version for the right syntax to use near 'jeronimosucotach' at line 1

 MySQL  localhost:3306  SQL > create user 'sergio'@'localhost' identified by 'jeronimosucotach';
Query OK, 0 rows affected (0.0006 sec)

 MySQL  localhost:3306  SQL > set password for 'sergio'@'localhost' = 'brazzers';
ERROR: 1372 (HY000): Password hash should be a 41-digit hexadecimal number

 MySQL  localhost:3306  SQL > set password for 'sergio'@'localhost' = 'br4zzerz';
ERROR: 1372 (HY000): Password hash should be a 41-digit hexadecimal number

 MySQL  localhost:3306  SQL > set password for 'sergio'@'localhost' = 'tec.123';
ERROR: 1372 (HY000): Password hash should be a 41-digit hexadecimal number

 MySQL  localhost:3306  SQL > set password for 'sergio'@'localhost' = 'jeronimosucotach1';
ERROR: 1372 (HY000): Password hash should be a 41-digit hexadecimal number

 MySQL  localhost:3306  SQL > select password('brazzerz');
+-------------------------------------------+
| password('brazzerz')                      |
+-------------------------------------------+
| *30C1BBBD0B6EF421A32865478E056143B5CBC6A6 |
+-------------------------------------------+
1 row in set (0.0003 sec)

 MySQL  localhost:3306  SQL > set password for 'sergio'@'localhost' = '30C1BBBD0B6EF421A32865478E056143B5CBC6A6';
ERROR: 1372 (HY000): Password hash should be a 41-digit hexadecimal number

 MySQL  localhost:3306  SQL > select password('horadelcinto');
+-------------------------------------------+
| password('horadelcinto')                  |
+-------------------------------------------+
| *0382361BB148AF8159FE7846FDCE0FAAD6BE9C68 |
+-------------------------------------------+
1 row in set (0.0003 sec)

 MySQL  localhost:3306  SQL > set password for 'sergio'@'localhost' = '*0382361BB148AF8159FE7846FDCE0FAAD6BE9C68';
Query OK, 0 rows affected (0.0004 sec)

 MySQL  localhost:3306  SQL > connect --mysql sergio@localhost
                          ... ;
ERROR: 1064 (42000): You have an error in your SQL syntax; check the manual that corresponds to your MySQL server version for the right syntax to use near 'connect --mysql sergio@localhost' at line 1

 MySQL  localhost:3306  SQL > \connect --mysql serigo@localhost
Creating a Classic session to 'serigo@localhost'
Please provide the password for 'serigo@localhost': *
MySQL Error 1045 (28000): Access denied for user 'serigo'@'localhost' (using password: YES)

 MySQL  localhost:3306  SQL >
 MySQL  localhost:3306  SQL > \connect --mysql sergio@localhost
Creating a Classic session to 'sergio@localhost'
Please provide the password for 'sergio@localhost': ************
Save password for 'sergio@localhost:3306'? [Y]es/[N]o/Ne[v]er (default No): n
Fetching schema names for autocompletion... Press ^C to stop.
Closing old connection...
Your MySQL connection id is 6
Server version: 5.5.61 MySQL Community Server (GPL)
No default schema selected; type \use <schema> to set one.

 MySQL  localhost:3306  SQL > show tables;
ERROR: 1046 (3D000): No database selected

 MySQL  localhost:3306  SQL > \use personal;
MySQL Error 1044 (42000): ClassicSession.runSql: Access denied for user 'sergio'@'localhost' to database 'personal;'

 MySQL  localhost:3306  SQL > baiabia
                          ... ;
ERROR: 1064 (42000): You have an error in your SQL syntax; check the manual that corresponds to your MySQL server version for the right syntax to use near 'baiabia' at line 1

 MySQL  localhost:3306  SQL > \connect --mysql root@localhost
Creating a Classic session to 'root@localhost'
Please provide the password for 'root@localhost': ****
Save password for 'root@localhost:3306'? [Y]es/[N]o/Ne[v]er (default No): n
Fetching schema names for autocompletion... Press ^C to stop.
Closing old connection...
Your MySQL connection id is 10
Server version: 5.5.61 MySQL Community Server (GPL)
No default schema selected; type \use <schema> to set one.

 MySQL  localhost:3306  SQL > grant all on personal.* to 'sergio'@'localhost';
Query OK, 0 rows affected (0.0017 sec)

 MySQL  localhost:3306  SQL > \connect --mysql sergio@localhost
Creating a Classic session to 'sergio@localhost'
Please provide the password for 'sergio@localhost': ************
Save password for 'sergio@localhost:3306'? [Y]es/[N]o/Ne[v]er (default No): n
Fetching schema names for autocompletion... Press ^C to stop.
Closing old connection...
Your MySQL connection id is 11
Server version: 5.5.61 MySQL Community Server (GPL)
No default schema selected; type \use <schema> to set one.

 MySQL  localhost:3306  SQL > \use personal;
MySQL Error 1044 (42000): ClassicSession.runSql: Access denied for user 'sergio'@'localhost' to database 'personal;'

 MySQL  localhost:3306  SQL > show tables;
ERROR: 1046 (3D000): No database selected

 MySQL  localhost:3306  SQL > \use personal;
MySQL Error 1044 (42000): ClassicSession.runSql: Access denied for user 'sergio'@'localhost' to database 'personal;'

 MySQL  localhost:3306  SQL > \use personal
Default schema set to `personal`.
Fetching table and column names from `personal` for auto-completion... Press ^C to stop.

 MySQL  localhost:3306  personal  SQL > \connect --mysql root@localhost
Creating a Classic session to 'root@localhost'
Please provide the password for 'root@localhost': ****
Save password for 'root@localhost:3306'? [Y]es/[N]o/Ne[v]er (default No): n
Fetching schema names for autocompletion... Press ^C to stop.
Closing old connection...
Your MySQL connection id is 12
Server version: 5.5.61 MySQL Community Server (GPL)
No default schema selected; type \use <schema> to set one.

 MySQL  localhost:3306  SQL > create user 'solo_tablas'@'localhost' identified by 'bracero';
Query OK, 0 rows affected (0.0026 sec)

 MySQL  localhost:3306  SQL > grant all on personal.* to 'solo_tablas'@'localhost';
Query OK, 0 rows affected (0.0007 sec)

 MySQL  localhost:3306  SQL > \connect --mysql solo_tablas@localhost
Creating a Classic session to 'solo_tablas@localhost'
Please provide the password for 'solo_tablas@localhost': *******
Save password for 'solo_tablas@localhost:3306'? [Y]es/[N]o/Ne[v]er (default No): n
Fetching schema names for autocompletion... Press ^C to stop.
Closing old connection...
Your MySQL connection id is 13
Server version: 5.5.61 MySQL Community Server (GPL)
No default schema selected; type \use <schema> to set one.

 MySQL  localhost:3306  SQL > \use personal
Default schema set to `personal`.
Fetching table and column names from `personal` for auto-completion... Press ^C to stop.

 MySQL  localhost:3306  personal  SQL > \use test
MySQL Error 1044 (42000): ClassicSession.runSql: Access denied for user 'solo_tablas'@'localhost' to database 'test'

 MySQL  localhost:3306  personal  SQL > \use personal
Default schema set to `personal`.
Fetching table and column names from `personal` for auto-completion... Press ^C to stop.

 MySQL  localhost:3306  personal  SQL > \connect --mysql root@localhots
Creating a Classic session to 'root@localhots'
Please provide the password for 'root@localhots': ****
MySQL Error 2005 (HY000): Unknown MySQL server host 'localhots' (0)

 MySQL  localhost:3306  personal  SQL > \connect --mysql root@localhost
Creating a Classic session to 'root@localhost'
Please provide the password for 'root@localhost': ****
Save password for 'root@localhost:3306'? [Y]es/[N]o/Ne[v]er (default No): n
Fetching schema names for autocompletion... Press ^C to stop.
Closing old connection...
Your MySQL connection id is 14
Server version: 5.5.61 MySQL Community Server (GPL)
No default schema selected; type \use <schema> to set one.

 MySQL  localhost:3306  SQL > create user 'solo_select' identified by 'select';
Query OK, 0 rows affected (0.0003 sec)

 MySQL  localhost:3306  SQL > grant select on personal.paises to 'solo_select'@'localhost';
ERROR: 1133 (42000): Can't find any matching row in the user table

 MySQL  localhost:3306  SQL > grant select on personal.pais to 'solo_select'@'localhost';
ERROR: 1133 (42000): Can't find any matching row in the user table

 MySQL  localhost:3306  SQL > \use personal
Default schema set to `personal`.
Fetching table and column names from `personal` for auto-completion... Press ^C to stop.

 MySQL  localhost:3306  personal  SQL > grant select on personal.pais to 'solo_select'@'localhost';
ERROR: 1133 (42000): Can't find any matching row in the user table

 MySQL  localhost:3306  personal  SQL > grant select on personal.pais to 'solo_select'@'localhost';
ERROR: 1133 (42000): Can't find any matching row in the user table

 MySQL  localhost:3306  personal  SQL > grant select on personal.pais to 'solo_select'@'localhost' identified by 'select';
Query OK, 0 rows affected (0.0006 sec)

 MySQL  localhost:3306  personal  SQL > \connect --mysql solo_select@localhost
Creating a Classic session to 'solo_select@localhost'
Please provide the password for 'solo_select@localhost': ******
Save password for 'solo_select@localhost:3306'? [Y]es/[N]o/Ne[v]er (default No): n
Fetching schema names for autocompletion... Press ^C to stop.
Closing old connection...
Your MySQL connection id is 15
Server version: 5.5.61 MySQL Community Server (GPL)
No default schema selected; type \use <schema> to set one.

 MySQL  localhost:3306  SQL > \use personal
Default schema set to `personal`.
Fetching table and column names from `personal` for auto-completion... Press ^C to stop.

 MySQL  localhost:3306  personal  SQL > select * from personal;
ERROR: 1142 (42000): SELECT command denied to user 'solo_select'@'localhost' for table 'personal'

 MySQL  localhost:3306  personal  SQL > select * from pais;
+-------+--------+-----------+------------+
| clave | NOMBRE | poblacion | continente |
+-------+--------+-----------+------------+
|     1 | Mexico |    120000 | AMERICA    |
|     2 | Mexico |     30000 | AMERICA    |
+-------+--------+-----------+------------+
2 rows in set (0.0003 sec)

 MySQL  localhost:3306  personal  SQL > select * from paises;
ERROR: 1142 (42000): SELECT command denied to user 'solo_select'@'localhost' for table 'paises'

 MySQL  localhost:3306  personal  SQL >